#-----------------------------------------------------------
# Vivado v2019.2 (64-bit)
# SW Build 2708876 on Wed Nov  6 21:40:23 MST 2019
# IP Build 2700528 on Thu Nov  7 00:09:20 MST 2019
# Start of session at: Sat Apr  6 23:08:55 2024
# Process ID: 20496
# Current directory: C:/Users/MSI/IC_Design_project
# Command line: vivado.exe -gui_launcher_event rodinguilauncherevent4564 C:\Users\MSI\IC_Design_project\IC_Design_project.xpr
# Log file: C:/Users/MSI/IC_Design_project/vivado.log
# Journal file: C:/Users/MSI/IC_Design_project\vivado.jou
#-----------------------------------------------------------
start_gui
open_project C:/Users/MSI/IC_Design_project/IC_Design_project.xpr
Scanning sources...
Finished scanning sources
INFO: [IP_Flow 19-234] Refreshing IP repositories
INFO: [IP_Flow 19-1704] No user IP repositories specified
INFO: [IP_Flow 19-2313] Loaded Vivado IP repository 'C:/Xilinx/Vivado/2019.2/data/ip'.
open_project: Time (s): cpu = 00:00:14 ; elapsed = 00:00:10 . Memory (MB): peak = 908.902 ; gain = 283.719
update_compile_order -fileset sources_1
open_bd_design {C:/Users/MSI/IC_Design_project/IC_Design_project.srcs/sources_1/bd/BRAM/BRAM.bd}
Adding component instance block -- xilinx.com:ip:blk_mem_gen:8.4 - blk_mem_gen_0
Successfully read diagram <BRAM> from BD file <C:/Users/MSI/IC_Design_project/IC_Design_project.srcs/sources_1/bd/BRAM/BRAM.bd>
open_bd_design: Time (s): cpu = 00:00:10 ; elapsed = 00:00:08 . Memory (MB): peak = 1027.043 ; gain = 84.613
launch_runs synth_1 -jobs 12
INFO: [BD 41-1029] Generation completed for the IP Integrator block blk_mem_gen_0 .
[Sat Apr  6 23:19:58 2024] Launched BRAM_blk_mem_gen_0_0_synth_1...
Run output will be captured here: C:/Users/MSI/IC_Design_project/IC_Design_project.runs/BRAM_blk_mem_gen_0_0_synth_1/runme.log
[Sat Apr  6 23:19:58 2024] Launched synth_1...
Run output will be captured here: C:/Users/MSI/IC_Design_project/IC_Design_project.runs/synth_1/runme.log
launch_runs: Time (s): cpu = 00:00:10 ; elapsed = 00:00:28 . Memory (MB): peak = 1041.215 ; gain = 10.406
reset_run synth_1
launch_runs synth_1 -jobs 12
[Sat Apr  6 23:27:13 2024] Launched synth_1...
Run output will be captured here: C:/Users/MSI/IC_Design_project/IC_Design_project.runs/synth_1/runme.log
launch_runs: Time (s): cpu = 00:00:01 ; elapsed = 00:00:18 . Memory (MB): peak = 1058.969 ; gain = 0.000
export_ip_user_files -of_objects  [get_files C:/Users/MSI/IC_Design_project/IC_Design_project.srcs/sim_1/new/test1.sv] -no_script -reset -force -quiet
remove_files  -fileset sim_1 C:/Users/MSI/IC_Design_project/IC_Design_project.srcs/sim_1/new/test1.sv
update_compile_order -fileset sim_1
export_ip_user_files -of_objects  [get_files C:/Users/MSI/IC_Design_project/IC_Design_project.srcs/sim_1/new/smoothing_tb.sv] -no_script -reset -force -quiet
remove_files  -fileset sim_1 C:/Users/MSI/IC_Design_project/IC_Design_project.srcs/sim_1/new/smoothing_tb.sv
close [ open C:/Users/MSI/IC_Design_project/IC_Design_project.srcs/sources_1/new/smoothening_tb.sv w ]
add_files C:/Users/MSI/IC_Design_project/IC_Design_project.srcs/sources_1/new/smoothening_tb.sv
update_compile_order -fileset sources_1
set_property top smoothening_tb [get_filesets sim_1]
set_property top_lib xil_defaultlib [get_filesets sim_1]
set_property SOURCE_SET sources_1 [get_filesets sim_1]
close [ open C:/Users/MSI/IC_Design_project/IC_Design_project.srcs/sim_1/new/sharpening_tb.sv w ]
add_files -fileset sim_1 C:/Users/MSI/IC_Design_project/IC_Design_project.srcs/sim_1/new/sharpening_tb.sv
update_compile_order -fileset sim_1
set_property SOURCE_SET sources_1 [get_filesets sim_1]
close [ open C:/Users/MSI/IC_Design_project/IC_Design_project.srcs/sim_1/new/blending_tb.sv w ]
add_files -fileset sim_1 C:/Users/MSI/IC_Design_project/IC_Design_project.srcs/sim_1/new/blending_tb.sv
update_compile_order -fileset sim_1
set_property SOURCE_SET sources_1 [get_filesets sim_1]
close [ open C:/Users/MSI/IC_Design_project/IC_Design_project.srcs/sim_1/new/normalization_tb.sv w ]
add_files -fileset sim_1 C:/Users/MSI/IC_Design_project/IC_Design_project.srcs/sim_1/new/normalization_tb.sv
update_compile_order -fileset sim_1
exit
INFO: [Common 17-206] Exiting Vivado at Sat Apr  6 23:52:26 2024...
