#-----------------------------------------------------------
# Vivado v2019.2 (64-bit)
# SW Build 2708876 on Wed Nov  6 21:40:23 MST 2019
# IP Build 2700528 on Thu Nov  7 00:09:20 MST 2019
# Start of session at: Tue Apr 23 12:05:46 2024
# Process ID: 13532
# Current directory: C:/Users/MSI/IC_Design_project
# Command line: vivado.exe -gui_launcher_event rodinguilauncherevent9928 C:\Users\MSI\IC_Design_project\IC_Design_project.xpr
# Log file: C:/Users/MSI/IC_Design_project/vivado.log
# Journal file: C:/Users/MSI/IC_Design_project\vivado.jou
#-----------------------------------------------------------
start_gui
open_project C:/Users/MSI/IC_Design_project/IC_Design_project.xpr
Scanning sources...
Finished scanning sources
INFO: [IP_Flow 19-234] Refreshing IP repositories
INFO: [IP_Flow 19-1704] No user IP repositories specified
INFO: [IP_Flow 19-2313] Loaded Vivado IP repository 'C:/Xilinx/Vivado/2019.2/data/ip'.
open_project: Time (s): cpu = 00:00:13 ; elapsed = 00:00:07 . Memory (MB): peak = 937.762 ; gain = 274.906
update_compile_order -fileset sources_1
